{
  "metadata": [
    {
      "core_sha256": "886580a00c954faac13a5c9aa14ee2b8c8596bde0f04379d79d389e39c6733a9",
      "backend": "AVX2",
      "affinity": [
        3
      ],
      "environment": {},
      "config": [
        1024,
        8
      ],
      "peaks": 28
    },
    {
      "core_sha256": "f9226e13484329d1f1a77e93571f492737907f24659095ad33d822c2c2c9a794",
      "backend": "AVX2",
      "affinity": [
        3
      ],
      "environment": {},
      "config": [
        1024,
        8
      ],
      "peaks": 28
    }
  ],
  "variant": {
    "templates": 0,
    "scale": 1.0
  },
  "candidate_env": {},
  "samples_wall_cpu_ms": [
    [
      [
        84.879885,
        84.859587
      ],
      [
        84.558286,
        84.549487
      ],
      [
        83.860887,
        83.870287
      ],
      [
        84.603786,
        84.590187
      ],
      [
        84.835086,
        84.843786
      ],
      [
        84.689586,
        84.680787
      ],
      [
        85.726085,
        85.723981
      ],
      [
        84.765386,
        84.742487
      ],
      [
        85.082285,
        85.083187
      ],
      [
        85.187685,
        85.175782
      ],
      [
        84.317787,
        84.325687
      ],
      [
        84.787385,
        84.740387
      ],
      [
        85.176285,
        85.146787
      ],
      [
        93.146975,
        93.139071
      ],
      [
        84.485086,
        84.493486
      ],
      [
        84.800285,
        84.792087
      ],
      [
        85.053786,
        85.061886
      ],
      [
        84.951586,
        84.944587
      ],
      [
        84.737585,
        84.758187
      ],
      [
        85.160785,
        85.146387
      ],
      [
        85.032985,
        85.028081
      ],
      [
        85.743185,
        85.730887
      ],
      [
        84.951985,
        84.951887
      ],
      [
        85.056485,
        85.040587
      ],
      [
        84.931386,
        84.939681
      ],
      [
        84.431286,
        84.420086
      ],
      [
        85.367085,
        85.375087
      ],
      [
        85.050985,
        85.031581
      ],
      [
        84.195287,
        84.203787
      ],
      [
        84.809085,
        84.793487
      ],
      [
        84.600986,
        84.608687
      ],
      [
        84.414986,
        84.405787
      ],
      [
        83.802287,
        83.806787
      ],
      [
        83.212688,
        83.202587
      ],
      [
        83.737987,
        83.742287
      ],
      [
        93.631374,
        93.621571
      ],
      [
        85.466784,
        85.475286
      ],
      [
        85.231285,
        85.221187
      ],
      [
        84.536186,
        84.543087
      ],
      [
        84.484686,
        84.474481
      ],
      [
        83.633488,
        83.637987
      ]
    ],
    [
      [
        53.378828,
        53.36303
      ],
      [
        52.794829,
        52.803629
      ],
      [
        53.026628,
        53.017524
      ],
      [
        52.726729,
        52.73493
      ],
      [
        53.192328,
        53.18323
      ],
      [
        52.565629,
        52.572425
      ],
      [
        53.160428,
        53.13783
      ],
      [
        52.906729,
        52.91503
      ],
      [
        53.301028,
        53.288225
      ],
      [
        52.886629,
        52.894829
      ],
      [
        53.300428,
        53.29093
      ],
      [
        52.09533,
        52.10083
      ],
      [
        52.883229,
        52.87273
      ],
      [
        52.444329,
        52.43913
      ],
      [
        52.832329,
        52.82283
      ],
      [
        52.762829,
        52.763525
      ],
      [
        52.581629,
        52.57283
      ],
      [
        52.776729,
        52.78443
      ],
      [
        56.094924,
        56.063725
      ],
      [
        53.525828,
        53.533024
      ],
      [
        54.540727,
        54.53653
      ],
      [
        55.269325,
        55.278424
      ],
      [
        53.200229,
        53.222729
      ],
      [
        52.963329,
        52.971825
      ],
      [
        53.169128,
        53.15793
      ],
      [
        52.999929,
        53.00793
      ],
      [
        53.689127,
        53.67853
      ],
      [
        52.643029,
        52.65163
      ],
      [
        52.871328,
        52.86153
      ],
      [
        52.63743,
        52.636524
      ],
      [
        53.216729,
        53.206129
      ],
      [
        51.71273,
        51.71733
      ],
      [
        52.07343,
        52.06333
      ],
      [
        52.572029,
        52.576024
      ],
      [
        52.07783,
        52.06743
      ],
      [
        52.307029,
        52.31123
      ],
      [
        52.810629,
        52.79213
      ],
      [
        53.257429,
        53.26653
      ],
      [
        52.888929,
        52.87903
      ],
      [
        52.27403,
        52.27833
      ],
      [
        52.885629,
        52.87513
      ]
    ]
  ],
  "fixture_sha256": "525c471a333578647da340e37a3425b7ed38da0849611eda5daddd274541b202",
  "median_ms": [
    84.809085,
    52.885629
  ],
  "paired_median_speedup": 1.6016395469336588,
  "wins": 41,
  "rounds": 41
}
