backend AVX2
n nd nt balanced_us pair_us auto_us auto_speedup wins
256 1 1 6.75 11.63 6.94 0.979 2/9
256 32 1 37.38 183.81 37.14 1.018 7/9
256 1 8 13.57 12.18 13.30 1.023 9/9
256 8 8 66.25 50.92 67.18 0.981 1/9
256 1 16 21.02 16.84 21.03 0.996 4/9
256 8 16 135.30 85.67 87.22 1.552 9/9
256 1 24 28.61 21.68 28.49 1.008 6/9
256 8 24 357.83 219.05 218.38 1.642 9/9
256 1 32 70.19 47.75 71.18 0.984 3/9
256 8 37 555.08 344.03 341.69 1.629 9/9
256 8 64 938.17 536.80 547.85 1.694 9/9
512 1 1 15.36 35.67 15.26 1.024 5/9
512 32 1 125.07 644.52 125.09 0.987 3/9
512 1 8 39.75 37.47 39.86 1.005 5/9
512 8 8 235.61 177.42 236.63 1.000 4/9
512 1 16 68.90 54.12 65.97 1.035 9/9
512 8 16 466.85 313.04 311.69 1.504 9/9
512 1 24 98.44 73.79 94.96 1.036 6/9
512 8 24 696.26 446.91 446.97 1.568 9/9
512 1 32 125.19 87.68 124.72 0.974 3/9
512 8 37 1067.40 748.08 718.57 1.502 9/9
512 8 64 1823.72 1150.56 1134.32 1.608 9/9
1024 1 1 10.23 50.43 10.23 1.025 5/9
1024 32 1 132.47 1157.59 131.99 0.986 4/9
1024 1 8 79.18 85.68 75.43 1.050 7/9
1024 8 8 319.07 360.17 257.57 0.998 4/9
1024 1 16 68.67 81.75 67.51 1.022 6/9
1024 8 16 569.77 554.19 586.52 0.959 2/9
1024 1 24 173.71 141.98 98.75 0.989 3/9
1024 8 24 749.31 790.15 776.99 0.975 3/9
1024 1 32 135.77 138.85 134.54 0.997 3/9
1024 8 37 1193.33 1315.50 1344.17 0.878 0/9
1024 8 64 2010.95 2029.71 2077.79 0.965 0/9
