    [prof] cycles/pair: even=12597 (92%) gate=1 (0%) refine=1088 (8%) fill=27 (0%)
{
  "fixture": "/home/ahnitz/pycbc-wider-cpu-benchmark-20260926/hosts/og-node-169/capture/hier-00.npz",
  "fixture_sha256": "525c471a333578647da340e37a3425b7ed38da0849611eda5daddd274541b202",
  "package": "/home/ahnitz/pycbc-wider-cpu-benchmark-20260926/venv/lib/python3.11/site-packages/matchedfilter/__init__.py",
  "version": "0.1.0a3",
  "backend": "AVX2",
  "affinity": [
    3
  ],
  "profile": true,
  "n": 4096,
  "templates": 64,
  "blocks": 236,
  "config": [
    1024,
    8
  ],
  "threshold": 5.5,
  "fd": 0.0010000000474974513,
  "stats": [
    166144,
    3707
  ],
  "validation": {
    "capture_peaks": 28,
    "hier_peaks": 28,
    "flat_peaks": 28,
    "capture_index_differences": 0,
    "capture_values_match": true,
    "flat_misses": 0,
    "flat_fired_index_differences": 0,
    "flat_fired_values_match": true
  },
  "samples_ms": {
    "hier": [
      80.622407,
      80.968106,
      80.598007,
      120.132313,
      119.881413,
      120.118113,
      119.401515,
      91.597482,
      102.389855
    ],
    "flat": [
      236.302435,
      235.858236,
      324.761524,
      397.76885,
      397.375951,
      398.231449,
      267.296862,
      290.594307,
      236.955635
    ]
  },
  "median_ms": {
    "hier": 102.389855,
    "flat": 290.594307
  }
}
